// Jest Snapshot v1, https://goo.gl/fbAQLP

exports[`Tariffs component renders Tariffs component 1`] = `
<Container
  className="tariffs__container"
  tag="div"
>
  <Row
    tag="div"
  >
    <Col
      tag="div"
      widths={
        Array [
          "xs",
          "sm",
          "md",
          "lg",
          "xl",
        ]
      }
    />
    <Col
      key="free"
      tag="div"
      widths={
        Array [
          "xs",
          "sm",
          "md",
          "lg",
          "xl",
        ]
      }
    >
      <Header
        active={true}
        label="free"
        onClick={[Function]}
        selectable={false}
      />
    </Col>
    <Col
      key="premium"
      tag="div"
      widths={
        Array [
          "xs",
          "sm",
          "md",
          "lg",
          "xl",
        ]
      }
    >
      <Header
        active={false}
        label="premium"
        onClick={[Function]}
        selectable={false}
      />
    </Col>
    <Col
      key="pro"
      tag="div"
      widths={
        Array [
          "xs",
          "sm",
          "md",
          "lg",
          "xl",
        ]
      }
    >
      <Header
        active={false}
        label="pro"
        onClick={[Function]}
        selectable={false}
      />
    </Col>
  </Row>
  <Row
    tag="div"
  >
    <Col
      tag="div"
      widths={
        Array [
          "xs",
          "sm",
          "md",
          "lg",
          "xl",
        ]
      }
    >
      MONTHLY PRICE
    </Col>
    <Col
      className="active"
      key="free"
      tag="div"
      widths={
        Array [
          "xs",
          "sm",
          "md",
          "lg",
          "xl",
        ]
      }
    >
      undefined MBN ($undefined)
    </Col>
    <Col
      className=""
      key="premium"
      tag="div"
      widths={
        Array [
          "xs",
          "sm",
          "md",
          "lg",
          "xl",
        ]
      }
    >
      undefined MBN ($undefined)
    </Col>
    <Col
      className=""
      key="pro"
      tag="div"
      widths={
        Array [
          "xs",
          "sm",
          "md",
          "lg",
          "xl",
        ]
      }
    >
      undefined MBN ($undefined)
    </Col>
  </Row>
  <Row
    tag="div"
  >
    <Col
      tag="div"
      widths={
        Array [
          "xs",
          "sm",
          "md",
          "lg",
          "xl",
        ]
      }
    >
      TRADING
    </Col>
    <Col
      className="active"
      key="free"
      tag="div"
      widths={
        Array [
          "xs",
          "sm",
          "md",
          "lg",
          "xl",
        ]
      }
    >
      <span
        className="icon-checkmark"
      />
    </Col>
    <Col
      className=""
      key="premium"
      tag="div"
      widths={
        Array [
          "xs",
          "sm",
          "md",
          "lg",
          "xl",
        ]
      }
    >
      <span
        className="icon-checkmark"
      />
    </Col>
    <Col
      className=""
      key="pro"
      tag="div"
      widths={
        Array [
          "xs",
          "sm",
          "md",
          "lg",
          "xl",
        ]
      }
    >
      <span
        className="icon-checkmark"
      />
    </Col>
  </Row>
  <Row
    tag="div"
  >
    <Col
      tag="div"
      widths={
        Array [
          "xs",
          "sm",
          "md",
          "lg",
          "xl",
        ]
      }
    >
      API exchange
    </Col>
    <Col
      className="active"
      key="free"
      tag="div"
      widths={
        Array [
          "xs",
          "sm",
          "md",
          "lg",
          "xl",
        ]
      }
    />
    <Col
      className=""
      key="premium"
      tag="div"
      widths={
        Array [
          "xs",
          "sm",
          "md",
          "lg",
          "xl",
        ]
      }
    />
    <Col
      className=""
      key="pro"
      tag="div"
      widths={
        Array [
          "xs",
          "sm",
          "md",
          "lg",
          "xl",
        ]
      }
    />
  </Row>
  <Row
    tag="div"
  >
    <Col
      tag="div"
      widths={
        Array [
          "xs",
          "sm",
          "md",
          "lg",
          "xl",
        ]
      }
    >
      ORDERS: STOP, OCO, NO-LOCK
    </Col>
    <Col
      className="active"
      key="free"
      tag="div"
      widths={
        Array [
          "xs",
          "sm",
          "md",
          "lg",
          "xl",
        ]
      }
    />
    <Col
      className=""
      key="premium"
      tag="div"
      widths={
        Array [
          "xs",
          "sm",
          "md",
          "lg",
          "xl",
        ]
      }
    />
    <Col
      className=""
      key="pro"
      tag="div"
      widths={
        Array [
          "xs",
          "sm",
          "md",
          "lg",
          "xl",
        ]
      }
    />
  </Row>
  <Row
    tag="div"
  >
    <Col
      tag="div"
      widths={
        Array [
          "xs",
          "sm",
          "md",
          "lg",
          "xl",
        ]
      }
    >
      PROOF-OF-TRADE
    </Col>
    <Col
      className="active"
      key="free"
      tag="div"
      widths={
        Array [
          "xs",
          "sm",
          "md",
          "lg",
          "xl",
        ]
      }
    >
      <span
        className="icon-checkmark"
      />
    </Col>
    <Col
      className=""
      key="premium"
      tag="div"
      widths={
        Array [
          "xs",
          "sm",
          "md",
          "lg",
          "xl",
        ]
      }
    >
      <span
        className="icon-checkmark"
      />
    </Col>
    <Col
      className=""
      key="pro"
      tag="div"
      widths={
        Array [
          "xs",
          "sm",
          "md",
          "lg",
          "xl",
        ]
      }
    >
      <span
        className="icon-checkmark"
      />
    </Col>
  </Row>
  <Row
    tag="div"
  >
    <Col
      tag="div"
      widths={
        Array [
          "xs",
          "sm",
          "md",
          "lg",
          "xl",
        ]
      }
    >
      ASSETS UNDER MANAGEMENT
    </Col>
    <Col
      className="active"
      key="free"
      tag="div"
      widths={
        Array [
          "xs",
          "sm",
          "md",
          "lg",
          "xl",
        ]
      }
    >
      UP TO $undefined
    </Col>
    <Col
      className=""
      key="premium"
      tag="div"
      widths={
        Array [
          "xs",
          "sm",
          "md",
          "lg",
          "xl",
        ]
      }
    >
      UP TO $undefined
    </Col>
    <Col
      className=""
      key="pro"
      tag="div"
      widths={
        Array [
          "xs",
          "sm",
          "md",
          "lg",
          "xl",
        ]
      }
    >
      UP TO $undefined
    </Col>
  </Row>
  <Row
    tag="div"
  >
    <Col
      tag="div"
      widths={
        Array [
          "xs",
          "sm",
          "md",
          "lg",
          "xl",
        ]
      }
    >
      TELEGRAM NOTIFICATIONS
    </Col>
    <Col
      className="active"
      key="free"
      tag="div"
      widths={
        Array [
          "xs",
          "sm",
          "md",
          "lg",
          "xl",
        ]
      }
    >
      <span
        className="icon-cross"
      />
    </Col>
    <Col
      className=""
      key="premium"
      tag="div"
      widths={
        Array [
          "xs",
          "sm",
          "md",
          "lg",
          "xl",
        ]
      }
    >
      <span
        className="icon-cross"
      />
    </Col>
    <Col
      className=""
      key="pro"
      tag="div"
      widths={
        Array [
          "xs",
          "sm",
          "md",
          "lg",
          "xl",
        ]
      }
    >
      <span
        className="icon-cross"
      />
    </Col>
  </Row>
  <Row
    tag="div"
  >
    <Col
      tag="div"
      widths={
        Array [
          "xs",
          "sm",
          "md",
          "lg",
          "xl",
        ]
      }
    >
      STATUS ICON
    </Col>
    <Col
      className="active"
      key="free"
      tag="div"
      widths={
        Array [
          "xs",
          "sm",
          "md",
          "lg",
          "xl",
        ]
      }
    >
      <span
        className="icon-cross"
      />
    </Col>
    <Col
      className=""
      key="premium"
      tag="div"
      widths={
        Array [
          "xs",
          "sm",
          "md",
          "lg",
          "xl",
        ]
      }
    >
      <span
        className="icon-cross"
      />
    </Col>
    <Col
      className=""
      key="pro"
      tag="div"
      widths={
        Array [
          "xs",
          "sm",
          "md",
          "lg",
          "xl",
        ]
      }
    >
      <span
        className="icon-checkmark"
      />
    </Col>
  </Row>
  <div
    className="tariffs__container-description"
  >
    Choose a service plan and click "BUY NOW" button. The payment can be done from your active ERC-20 wallet or thought a direct transaction. The service plan fee is paid in MBN tokens, based on the market price. After payment, the service plan is activated for 30 days.
  </div>
  <div
    className="tariffs__container-button-wrapper"
  >
    <button
      className="btn active"
      disabled={false}
      onClick={[Function]}
      type="button"
    >
      <FormattedMessage
        id="tariffs.buyNow"
        values={Object {}}
      />
    </button>
  </div>
  <ExpireInfo
    billing={
      Object {
        "tariff": "free",
      }
    }
  />
</Container>
`;
